10문서 전지표: n=322 truth=156 관측Y=30 출발=doc1982 | TAU=1.0 step=0.1 eps0=12.0 ζ=20.0 | 10시드

  seed 0 done 28s | acMH방문1 AWS방문8
  seed 1 done 57s | acMH방문1 AWS방문8
  seed 2 done 86s | acMH방문1 AWS방문9
  seed 3 done 115s | acMH방문2 AWS방문8
  seed 4 done 144s | acMH방문1 AWS방문8
  seed 5 done 172s | acMH방문1 AWS방문10
  seed 6 done 201s | acMH방문1 AWS방문2
  seed 7 done 230s | acMH방문1 AWS방문8
  seed 8 done 258s | acMH방문1 AWS방문7
  seed 9 done 287s | acMH방문1 AWS방문6

## ① 탐색 — basin 방문 / 탈출 (10 basin 중)
     샘플러 |     방문 basin     탈출율
    acMH | 1.100(0.300)    0.20
  AWSGLD | 7.400(2.059)    1.00

## ② 순위 — top-k / AUC / NDCG   (R@20 이론상한 = 20/156 = 0.128)
     샘플러 |         P@20         R@20         F@20 |         P@50         R@50         F@50 |        P@156        R@156        F@156 |      ROC AUC      NDCG@20
---------------------------------------------------------------------------------------------------------------------------------------------------------------
    acMH | 0.810(0.030) 0.104(0.004) 0.184(0.007) | 0.822(0.040) 0.263(0.013) 0.399(0.020) | 0.631(0.025) 0.631(0.025) 0.631(0.025) | 0.692(0.020) 0.833(0.035)
  AWSGLD | 0.945(0.101) 0.121(0.013) 0.215(0.023) | 0.800(0.115) 0.256(0.037) 0.388(0.056) | 0.644(0.024) 0.644(0.024) 0.644(0.024) | 0.722(0.045) 0.944(0.116)

## ③ FDR-cutoff (γ별 P / R / F / 실현FDR / 선택수)
    γ      샘플러 |    Precision       Recall            F        실현FDR     선택수
----------------------------------------------------------------------------
 0.05     acMH | 0.976(0.018) 0.210(0.005) 0.345(0.008) 0.024(0.018)    33.5
 0.05   AWSGLD | 0.991(0.027) 0.210(0.006) 0.346(0.010) 0.009(0.027)    33.0
----------------------------------------------------------------------------
  0.1     acMH | 0.947(0.026) 0.230(0.006) 0.370(0.009) 0.053(0.026)    37.9
  0.1   AWSGLD | 0.984(0.034) 0.230(0.005) 0.373(0.009) 0.016(0.034)    36.5
----------------------------------------------------------------------------
 0.15     acMH | 0.920(0.014) 0.256(0.006) 0.401(0.006) 0.080(0.014)    43.5
 0.15   AWSGLD | 0.971(0.047) 0.253(0.009) 0.401(0.015) 0.029(0.047)    40.6
----------------------------------------------------------------------------
  0.2     acMH | 0.917(0.015) 0.288(0.007) 0.438(0.007) 0.083(0.015)    49.0
  0.2   AWSGLD | 0.941(0.060) 0.276(0.010) 0.426(0.019) 0.059(0.060)    45.8
----------------------------------------------------------------------------
  0.3     acMH | 0.869(0.022) 0.341(0.013) 0.490(0.017) 0.131(0.022)    61.2
  0.3   AWSGLD | 0.878(0.084) 0.334(0.018) 0.484(0.032) 0.122(0.084)    59.7

## ④ 문서별 recall@156 (10문서 각각의 키워드 회수율)
     샘플러 |   1994    212    227    233    260   1982   2117    206    374    403
    acMH |  0.608  0.536  0.733  0.594  0.810  1.000  0.629  0.373  0.619  0.558
  AWSGLD |  0.523  0.718  0.792  0.506  0.850  1.000  0.657  0.355  0.700  0.583
회수>0.5 문서수 | acMH 9개, AWSGLD 9개

## ⑤ basin 체류 비율 (평균)
     샘플러 |   1994    212    227    233    260   1982   2117    206    374    403
    acMH |  0.000  0.000  0.068  0.000  0.000  0.931  0.000  0.000  0.000  0.000
  AWSGLD |  0.096  0.061  0.091  0.015  0.127  0.229  0.116  0.047  0.164  0.055

저장: result10.npz
